// Jest Snapshot v1, https://goo.gl/fbAQLP

exports[`styled opaque: 
.c0 {
  margin: unset;
  padding: unset;
  border: unset;
  background: unset;
  font: unset;
  font-family: inherit;
  font-size: 100%;
  box-sizing: border-box;
  background-color: rgb(33, 150, 243);;
  color: white;
}

.c0:focus:not(:focus-visible) {
  outline: none;
}

<div
  class="c0"
/>
 1`] = `
.c0 {
  margin: unset;
  padding: unset;
  border: unset;
  background: unset;
  font: unset;
  font-family: inherit;
  font-size: 100%;
  box-sizing: border-box;
  background-color: unset;
  color: inherit;
}

.c0:focus:not(:focus-visible) {
  outline: none;
}

<div
  class="c0"
/>
`;

exports[`styled palette: 
.c0 {
  margin: unset;
  padding: unset;
  border: unset;
  background: unset;
  font: unset;
  font-family: inherit;
  font-size: 100%;
  box-sizing: border-box;
  background-color: unset;
  color: rgb(33, 150, 243);
}

.c0:focus:not(:focus-visible) {
  outline: none;
}

<div
  class="c0"
/>
 1`] = `
.c0 {
  margin: unset;
  padding: unset;
  border: unset;
  background: unset;
  font: unset;
  font-family: inherit;
  font-size: 100%;
  box-sizing: border-box;
  background-color: unset;
  color: inherit;
}

.c0:focus:not(:focus-visible) {
  outline: none;
}

<div
  class="c0"
/>
`;

exports[`styled tone: 
.c0 {
  margin: unset;
  padding: unset;
  border: unset;
  background: unset;
  font: unset;
  font-family: inherit;
  font-size: 100%;
  box-sizing: border-box;
  background-color: rgb(66, 165, 245);
  color: white;
}

.c0:focus:not(:focus-visible) {
  outline: none;
}

<div
  class="c0"
/>
 1`] = `
.c0 {
  margin: unset;
  padding: unset;
  border: unset;
  background: unset;
  font: unset;
  font-family: inherit;
  font-size: 100%;
  box-sizing: border-box;
  background-color: unset;
  color: inherit;
}

.c0:focus:not(:focus-visible) {
  outline: none;
}

<div
  class="c0"
/>
`;
